[0.015s][info][gc,init] CardTable entry size: 512
[0.015s][debug][gc,heap] Minimum heap 8388608  Initial heap 262144000  Maximum heap 4167041024
[0.015s][debug][gc,remset] Card Set container configuration: InlinePtr #cards 4 size 8 Array Of Cards #cards 16 size 48 Howl #buckets 8 coarsen threshold 3686 Howl Bitmap #cards 512 size 80 coarsen threshold 460 Card regions per heap region 1 cards per card region 4096
[0.015s][info ][gc       ] Using G1
[0.015s][debug][gc,heap,coops] Heap address: 0x0000000707a00000, size: 3974 MB, Compressed Oops mode: Zero based, Oop shift amount: 3
[0.024s][debug][gc           ] ConcGCThreads: 1 offset 8
[0.024s][debug][gc           ] ParallelGCThreads: 4
[0.025s][debug][gc           ] Initialize mark stack with 4096 chunks, maximum 536870912
[0.025s][debug][gc,ergo,heap ] Expand the heap. requested expansion amount: 262144000B expansion amount: 262144000B
[0.026s][debug][gc,heap,region] Activate regions [0, 125)
[0.027s][debug][gc,ihop       ] Target occupancy update: old: 0B, new: 262144000B
[0.031s][debug][gc,task       ] G1 Service Thread (Periodic GC Task) (register)
[0.031s][debug][gc,task       ] G1 Service Thread (Card Set Free Memory Task) (register)
[0.031s][info ][gc,init       ] Version: 25.0.1+8-LTS-27 (release)
[0.031s][info ][gc,init       ] CPUs: 4 total, 4 available
[0.031s][info ][gc,init       ] Memory: 15893M
[0.031s][info ][gc,init       ] Large Page Support: Disabled
[0.031s][info ][gc,init       ] NUMA Support: Disabled
[0.031s][info ][gc,init       ] Compressed Oops: Enabled (Zero based)
[0.031s][info ][gc,init       ] Heap Region Size: 2M
[0.031s][info ][gc,init       ] Heap Min Capacity: 8M
[0.031s][info ][gc,init       ] Heap Initial Capacity: 250M
[0.031s][info ][gc,init       ] Heap Max Capacity: 3974M
[0.031s][info ][gc,init       ] Pre-touch: Disabled
[0.031s][info ][gc,init       ] Parallel Workers: 4
[0.031s][info ][gc,init       ] Concurrent Workers: 1
[0.031s][info ][gc,init       ] Concurrent Refinement Workers: 4
[0.031s][info ][gc,init       ] Periodic GC: Disabled
[0.049s][debug][gc,heap,region] Activate regions [1986, 1987)
[0.049s][debug][gc,ergo,heap  ] Attempt heap expansion (allocate archive regions). Total size: 2097152B
[0.049s][info ][gc,metaspace  ] CDS archive(s) mapped at: [0x0000000042000000-0x0000000042d92000-0x0000000042d92000), size 14229504, SharedBaseAddress: 0x0000000042000000, ArchiveRelocationMode: 1.
[0.049s][info ][gc,metaspace  ] Compressed class space mapped at: 0x0000000043000000-0x0000000083000000, reserved size: 1073741824
[0.049s][info ][gc,metaspace  ] UseCompressedClassPointers 1, UseCompactObjectHeaders 0
[0.049s][info ][gc,metaspace  ] Narrow klass pointer bits 32, Max shift 3
[0.049s][info ][gc,metaspace  ] Narrow klass base: 0x0000000042000000, Narrow klass shift: 0
[0.049s][info ][gc,metaspace  ] Encoding Range: [0x0000000042000000 - 0x0000000142000000), (4294967296 bytes)
[0.049s][info ][gc,metaspace  ] Klass Range:    [0x0000000042001000 - 0x0000000083000000), (1090514944 bytes)
[0.049s][info ][gc,metaspace  ] Klass ID Range:  [4096 - 1090519033) (1090514937)
[0.049s][info ][gc,metaspace  ] Protection zone: [0x0000000042000000 - 0x0000000042001000), (4096 bytes)
[0.108s][debug][gc,task,start ] G1 Service Thread (Periodic GC Task) (run 76.528ms after schedule)
[0.108s][debug][gc,task       ] G1 Service Thread (Periodic GC Task) (run: 0.092ms) (cpu: 0.100ms)
[0.108s][debug][gc,task,start ] G1 Service Thread (Card Set Free Memory Task) (run 76.621ms after schedule)
[0.108s][debug][gc,task       ] G1 Service Thread (Card Set Free Memory Task) (run: 0.019ms) (cpu: 0.035ms)
[1.108s][debug][gc,task,start ] G1 Service Thread (Periodic GC Task) (run 0.125ms after schedule)
[1.108s][debug][gc,task       ] G1 Service Thread (Periodic GC Task) (run: 0.108ms) (cpu: 0.095ms)
[1.468s][debug][gc,refine     ] Stopping 0
[1.469s][debug][gc,task       ] G1 Service Thread (stopping)
[1.470s][info ][gc,exit       ] Heap
[1.470s][info ][gc,exit       ]  garbage-first heap   total reserved 4069376K, committed 258048K, used 17216K [0x0000000707a00000, 0x0000000800000000)
[1.470s][info ][gc,exit       ]   region size 2048K, 8 young (16384K), 0 survivors (0K)
[1.470s][info ][gc,exit       ]  Metaspace       used 915K, committed 1088K, reserved 1114112K
[1.470s][info ][gc,exit       ]   class space    used 49K, committed 128K, reserved 1048576K
